[INFO] Scanning for projects...
[INFO] 
[INFO] -----------------------< com.travelbooking:auth >-----------------------
[INFO] Building travel-booking-auth 1.0.0
[INFO]   from pom.xml
[INFO] --------------------------------[ jar ]---------------------------------
Downloading from central: https://repo.maven.apache.org/maven2/org/apache/maven/plugins/maven-clean-plugin/3.4.1/maven-clean-plugin-3.4.1.pom
Progress (1): 797 B
Progress (1): 1.8 kB
Progress (1): 4.4 kB
Progress (1): 5.6 kB
                    
Downloaded from central: https://repo.maven.apache.org/maven2/org/apache/maven/plugins/maven-clean-plugin/3.4.1/maven-clean-plugin-3.4.1.pom (5.6 kB at 14 kB/s)
Downloading from central: https://repo.maven.apache.org/maven2/org/apache/maven/plugins/maven-plugins/43/maven-plugins-43.pom
Progress (1): 773 B
Progress (1): 1.8 kB
Progress (1): 4.3 kB
Progress (1): 6.8 kB
Progress (1): 7.5 kB
                    
Downloaded from central: https://repo.maven.apache.org/maven2/org/apache/maven/plugins/maven-plugins/43/maven-plugins-43.pom (7.5 kB at 202 kB/s)
Downloading from central: https://repo.maven.apache.org/maven2/org/apache/maven/maven-parent/43/maven-parent-43.pom
Progress (1): 720 B
Progress (1): 1.6 kB
Progress (1): 4.2 kB
Progress (1): 8.5 kB
Progress (1): 12 kB 
Progress (1): 16 kB
Progress (1): 21 kB
Progress (1): 23 kB
Progress (1): 26 kB
Progress (1): 29 kB
Progress (1): 30 kB
Progress (1): 33 kB
Progress (1): 37 kB
Progress (1): 39 kB
Progress (1): 42 kB
Progress (1): 45 kB
Progress (1): 48 kB
Progress (1): 50 kB
                   
Downloaded from central: https://repo.maven.apache.org/maven2/org/apache/maven/maven-parent/43/maven-parent-43.pom (50 kB at 1.1 MB/s)
[INFO] 
[INFO] --- clean:3.4.1:clean (default-clean) @ auth ---
Downloading from central: https://repo.maven.apache.org/maven2/org/codehaus/plexus/plexus-utils/4.0.1/plexus-utils-4.0.1.pom
Progress (1): 729 B
Progress (1): 1.8 kB
Progress (1): 3.5 kB
Progress (1): 7.8 kB
                    
Downloaded from central: https://repo.maven.apache.org/maven2/org/codehaus/plexus/plexus-utils/4.0.1/plexus-utils-4.0.1.pom (7.8 kB at 270 kB/s)
Downloading from central: https://repo.maven.apache.org/maven2/org/codehaus/plexus/plexus-utils/4.0.1/plexus-utils-4.0.1.jar
Progress (1): 0.9/193 kB
Progress (1): 2.3/193 kB
Progress (1): 3.6/193 kB
Progress (1): 5.0/193 kB
Progress (1): 6.4/193 kB
Progress (1): 7.7/193 kB
Progress (1): 8.2/193 kB
Progress (1): 9.6/193 kB
Progress (1): 11/193 kB 
Progress (1): 12/193 kB
Progress (1): 14/193 kB
Progress (1): 15/193 kB
Progress (1): 16/193 kB
Progress (1): 18/193 kB
Progress (1): 19/193 kB
Progress (1): 21/193 kB
Progress (1): 22/193 kB
Progress (1): 23/193 kB
Progress (1): 25/193 kB
Progress (1): 26/193 kB
Progress (1): 27/193 kB
Progress (1): 29/193 kB
Progress (1): 30/193 kB
Progress (1): 31/193 kB
Progress (1): 36/193 kB
Progress (1): 40/193 kB
Progress (1): 44/193 kB
Progress (1): 48/193 kB
Progress (1): 53/193 kB
Progress (1): 57/193 kB
Progress (1): 61/193 kB
Progress (1): 65/193 kB
Progress (1): 66/193 kB
Progress (1): 70/193 kB
Progress (1): 74/193 kB
Progress (1): 78/193 kB
Progress (1): 82/193 kB
Progress (1): 87/193 kB
Progress (1): 91/193 kB
Progress (1): 95/193 kB
Progress (1): 98/193 kB
Progress (1): 103/193 kB
Progress (1): 107/193 kB
Progress (1): 111/193 kB
Progress (1): 115/193 kB
Progress (1): 119/193 kB
Progress (1): 123/193 kB
Progress (1): 127/193 kB
Progress (1): 131/193 kB
Progress (1): 136/193 kB
Progress (1): 139/193 kB
Progress (1): 143/193 kB
Progress (1): 147/193 kB
Progress (1): 152/193 kB
Progress (1): 156/193 kB
Progress (1): 160/193 kB
Progress (1): 164/193 kB
Progress (1): 169/193 kB
Progress (1): 173/193 kB
Progress (1): 177/193 kB
Progress (1): 181/193 kB
Progress (1): 186/193 kB
Progress (1): 190/193 kB
Progress (1): 193 kB    
                    
Downloaded from central: https://repo.maven.apache.org/maven2/org/codehaus/plexus/plexus-utils/4.0.1/plexus-utils-4.0.1.jar (193 kB at 3.5 MB/s)
[INFO] Deleting D:\fullstack\travel booking - exp5\backend\target
[INFO] 
[INFO] --- resources:3.3.1:resources (default-resources) @ auth ---
[INFO] Copying 1 resource from src\main\resources to target\classes
[INFO] Copying 0 resource from src\main\resources to target\classes
[INFO] 
[INFO] --- compiler:3.13.0:compile (default-compile) @ auth ---
[INFO] Recompiling the module because of changed dependency.
[INFO] Compiling 15 source files with javac [debug parameters release 17] to target\classes
mvn : WARNING: A 
terminally deprecated 
method in sun.misc.Unsafe 
has been called
At line:1 char:1
+ mvn clean compile 2>&1 
| Out-File -FilePath 
"d:\fullstack\travel book 
...
+ ~~~~~~~~~~~~~~~~~~~~~~
    + CategoryInfo        
      : NotSpecified: (W  
  ARNING: A term...has    
 been called:String) [    
], RemoteException
    + FullyQualifiedError 
   Id : NativeCommandErr  
  or
 
WARNING: sun.misc.Unsafe::
objectFieldOffset has 
been called by 
lombok.permit.Permit
WARNING: Please consider 
reporting this to the 
maintainers of class 
lombok.permit.Permit
WARNING: sun.misc.Unsafe::
objectFieldOffset will be 
removed in a future 
release
[INFO] ------------------------------------------------------------------------
[INFO] BUILD SUCCESS
[INFO] ------------------------------------------------------------------------
[INFO] Total time:  6.437 s
[INFO] Finished at: 2026-04-07T18:58:45+05:30
[INFO] ------------------------------------------------------------------------
